[emupedia.net/emupedia-game-agar.io/index.html]
[emupedia.net/emupedia-game-agar.io/img/1200x630.png]
[backblue.gif]
[fade.gif]
[index.html]
[emupedia.net/emupedia-game-agar.io/favicon-32x32.png]
[emupedia.net/emupedia-game-agar.io/css/bootstrap-3.3.4.min.css]
[emupedia.net/emupedia-game-agar.io/css/gallery.css]
[emupedia.net/emupedia-game-agar.io/js/jquery-1.11.3.min.js]
[emupedia.net/emupedia-game-agar.io/js/fp.umd.min.js]
[emupedia.net/emupedia-game-agar.io/js/vector2.js]
[emupedia.net/emupedia-game-agar.io/main.js]
[emupedia.net/emupedia-game-agar.io/skinList.txt]
[emupedia.net/emupedia-game-agar.io/banList.txt]
[emupedia.net/emupedia-game-agar.io/index.html]
[emupedia.net/emupedia-game-agar.io/fonts/glyphicons-halflings-regular.eot]
[emupedia.net/emupedia-game-agar.io/fonts/glyphicons-halflings-regulard41d.eot]
[emupedia.net/emupedia-game-agar.io/fonts/glyphicons-halflings-regular.woff2]
[emupedia.net/emupedia-game-agar.io/fonts/glyphicons-halflings-regular.woff]
[emupedia.net/emupedia-game-agar.io/fonts/glyphicons-halflings-regular.ttf]
[emupedia.net/emupedia-game-agar.io/css/bootstrap-3.3.4.min.css]
[emupedia.net/emupedia-game-agar.io/fonts/glyphicons-halflings-regular.svg]
[emupedia.net/emupedia-game-agar.io/img/checkerboard.png]
[emupedia.net/emupedia-game-agar.io/css/gallery.css]
[emupedia.net/emupedia-game-agar.io/banList.html]
[emupedia.net/emupedia-game-agar.io/fonts/glyphicons-halflings-regular.svg]
[emupedia.net/emupedia-game-agar.io/img/checkerboard.html]
